Git is software for version control of files and folders
github is platform to use GIT along with cloud

U-untracked files
M- modified files

@Payal1899 ➜ /workspaces/Devops-Learning/Git (Assignment) $ git init
Initialized empty Git repository in /workspaces/Devops-Learning/Git/.git/
now its in Main branch

@Payal1899 ➜ /workspaces/Devops-Learning/Git (main) $ touch Index.html
@Payal1899 ➜ /workspaces/Devops-Learning/Git (main) $ git add . #this is staging of changes
@Payal1899 ➜ /workspaces/Devops-Learning/Git (main) $ git status
@Payal1899 ➜ /workspaces/Devops-Learning/Git (main) $ git commit -m 'index file added'


Payal1899 ➜ /workspaces/Devops-Learning/Git (main) $ git log
commit 9a1c818028b21f8cf664f51c111dd10bff34c61e (HEAD -> main) #9a1c818028b21f8cf664f51c111dd10bff34c61e is commit hash
Author: Payal1899 <payallute9@gmail.com> #from github
Date:   Mon Apr 6 14:10:36 2026 +0000

    index file added
